
 -------------- celery@devbox v5.6.2 (recovery)
--- ***** -----
-- ******* ---- Linux-6.8.0-x86_64-with-glibc2.39 2026-02-23 05:51:59
- *** --- * ---
- ** ---------- [config]
- ** ---------- .> app:         tasks:0x7fc32428a150
- ** ---------- .> transport:   redis://localhost:6379/0
- ** ---------- .> results:     disabled://
- *** --- * --- .> concurrency: 4 (prefork)
-- ******* ---- .> task events: OFF (enable -E to monitor tasks in this worker)
--- ***** -----
 -------------- [queues]
                .> celery           exchange=celery(direct) key=celery


[tasks]
  . celery_worker.process_binary

[2026-02-23 05:51:59,615: INFO/MainProcess] Connected to redis://localhost:6379/0
[2026-02-23 05:51:59,623: INFO/MainProcess] mingle: searching for neighbors
[2026-02-23 05:52:00,636: INFO/MainProcess] mingle: all alone
[2026-02-23 05:52:00,652: INFO/MainProcess] celery@devbox ready.
[2026-02-23 05:52:00,996: INFO/MainProcess] Task celery_worker.process_binary[f6fa69fd-3211-4454-8f6b-e09eb013e126] received
[2026-02-23 05:52:01,244: INFO/ForkPoolWorker-1] Task celery_worker.process_binary[f6fa69fd-3211-4454-8f6b-e09eb013e126] succeeded in 0.24630855899999915s: {'status': 'success', 'task_id': '4bfdb923-629f-48f2-9fc0-c9355e587952'}
[2026-02-23 05:52:16,482: INFO/MainProcess] Task celery_worker.process_binary[0ffa657a-a6ec-4cdb-89c4-62cb31344fee] received
[2026-02-23 05:52:16,714: INFO/ForkPoolWorker-1] Task celery_worker.process_binary[0ffa657a-a6ec-4cdb-89c4-62cb31344fee] succeeded in 0.2317877820000831s: {'status': 'success', 'task_id': '799fd392-693a-4daa-bcad-9ed2d0b1d0d9'}
